// Jest Snapshot v1, https://goo.gl/fbAQLP

exports[`PlayerControls should render layout 1`] = `
<View
  style={undefined}
>
  <TestComponent />
  <TestComponent />
  <TestComponent />
  <View
    style={undefined}
  >
    <Connect(_class) />
  </View>
</View>
`;
